[devMouse] listening on /tmp/aoe-camp/m3v2/fifo
[fMenu] ao=5 Z=0 aR=187 tmpl=1029
[fMenu] ao=5 Z=0 aR=187 tmpl=1029
[fMenu] ao=5 Z=0 aR=187 tmpl=1029
[fMenu] ao=5 Z=0 aR=187 tmpl=1029
[fMenu] ao=5 Z=0 aR=187 tmpl=1029
[fMenu] ao=5 Z=0 aR=187 tmpl=1029
[fMenu] ao=5 Z=0 aR=187 tmpl=1029
[fMenu] ao=5 Z=0 aR=187 tmpl=1029
[fMenu] ao=5 Z=0 aR=187 tmpl=1029
[fMenu] ao=5 Z=0 aR=187 tmpl=1029
[fMenu] ao=5 Z=0 aR=187 tmpl=1029
[fMenu] ao=5 Z=0 aR=187 tmpl=1029
[k] node=218 mode=0 type=4 op=5
[menuGate] ax=0 ab=0
[fMenu] ao=5 Z=0 aR=187 tmpl=1029
[k] node=218 mode=0 type=4 op=5
[menuGate] ax=0 ab=0
[fMenu] ao=5 Z=0 aR=187 tmpl=1029
[k] node=218 mode=0 type=4 op=5
[menuGate] ax=0 ab=0
[fMenu] ao=5 Z=0 aR=187 tmpl=1029
[k] node=218 mode=0 type=4 op=5
[menuGate] ax=0 ab=0
[fMenu] ao=5 Z=0 aR=187 tmpl=1029
[k] node=218 mode=0 type=4 op=5
[menuGate] ax=0 ab=0
[fMenu] ao=5 Z=0 aR=187 tmpl=1029
[k] node=218 mode=0 type=4 op=5
[menuGate] ax=0 ab=0
[fMenu] ao=5 Z=0 aR=187 tmpl=1029
[k] node=218 mode=0 type=4 op=5
[menuGate] ax=0 ab=0
[fMenu] ao=5 Z=0 aR=187 tmpl=1029
[k] node=218 mode=0 type=4 op=5
[menuGate] ax=0 ab=0
[fMenu] ao=5 Z=0 aR=187 tmpl=1029
[k] node=218 mode=0 type=4 op=5
[menuGate] ax=0 ab=0
[fMenu] ao=5 Z=0 aR=187 tmpl=1029
[k] node=218 mode=0 type=4 op=5
[menuGate] ax=0 ab=0
[fMenu] ao=5 Z=0 aR=187 tmpl=1029
[k] node=218 mode=0 type=4 op=5
[k] node=231 mode=0 type=4 op=2
[trace] g->9 (aA=4 am=4)
[menuGate] ax=0 ab=0
[dbg] ar=23 am=9 aA=4 aH=0 l=false j=false fullRedraw=false
[fMenu] ao=6 Z=0 aR=254 tmpl=1029
[fMenu] ao=6 Z=0 aR=254 tmpl=1029
[fMenu] ao=6 Z=0 aR=254 tmpl=1029
[fMenu] ao=6 Z=0 aR=254 tmpl=1029
[fMenu] ao=6 Z=0 aR=254 tmpl=1029
[fMenu] ao=6 Z=0 aR=254 tmpl=1029
[fMenu] ao=6 Z=0 aR=254 tmpl=1029
[fMenu] ao=6 Z=0 aR=254 tmpl=1029
[fMenu] ao=6 Z=0 aR=254 tmpl=1029
[fMenu] ao=6 Z=0 aR=254 tmpl=1029
[fMenu] ao=6 Z=0 aR=254 tmpl=1029
[fMenu] ao=6 Z=0 aR=254 tmpl=1029
[k] node=297 mode=0 type=4 op=5
[menuGate] ax=0 ab=0
[fMenu] ao=6 Z=0 aR=254 tmpl=1029
[k] node=297 mode=0 type=4 op=5
[menuGate] ax=0 ab=0
[fMenu] ao=6 Z=0 aR=254 tmpl=1029
[k] node=297 mode=0 type=4 op=5
[menuGate] ax=0 ab=0
[fMenu] ao=6 Z=0 aR=254 tmpl=1029
[k] node=297 mode=0 type=4 op=5
[menuGate] ax=0 ab=0
[fMenu] ao=6 Z=0 aR=254 tmpl=1029
[k] node=297 mode=0 type=4 op=5
[menuGate] ax=0 ab=0
[fMenu] ao=6 Z=0 aR=254 tmpl=1029
[k] node=297 mode=0 type=4 op=5
[menuGate] ax=0 ab=0
[fMenu] ao=6 Z=0 aR=254 tmpl=1029
[k] node=297 mode=0 type=4 op=5
[menuGate] ax=0 ab=0
[fMenu] ao=6 Z=0 aR=254 tmpl=1029
[k] node=297 mode=0 type=4 op=5
[menuGate] ax=0 ab=0
[fMenu] ao=6 Z=0 aR=254 tmpl=1029
[k] node=297 mode=0 type=4 op=5
[menuGate] ax=0 ab=0
[fMenu] ao=6 Z=0 aR=254 tmpl=1029
[k] node=297 mode=0 type=4 op=5
[menuGate] ax=0 ab=0
[fMenu] ao=6 Z=0 aR=254 tmpl=1029
[k] node=297 mode=0 type=4 op=5
[k] node=310 mode=0 type=4 op=2
[trace] g->9 (aA=4 am=4)
[menuGate] ax=0 ab=0
[dbg] ar=48 am=4 aA=9 aH=0 l=false j=false fullRedraw=false
[fMenu] ao=5 Z=0 aR=333 tmpl=1029
[fMenu] ao=5 Z=0 aR=333 tmpl=1029
[fMenu] ao=5 Z=0 aR=333 tmpl=1029
[fMenu] ao=5 Z=0 aR=333 tmpl=1029
[fMenu] ao=5 Z=0 aR=333 tmpl=1029
[fMenu] ao=5 Z=0 aR=333 tmpl=1029
[fMenu] ao=5 Z=0 aR=333 tmpl=1029
[fMenu] ao=5 Z=0 aR=333 tmpl=1029
[fMenu] ao=5 Z=0 aR=333 tmpl=1029
[fMenu] ao=5 Z=0 aR=333 tmpl=1029
[fMenu] ao=5 Z=0 aR=333 tmpl=1029
[fMenu] ao=5 Z=0 aR=333 tmpl=1029
[k] node=364 mode=0 type=4 op=5
[menuGate] ax=0 ab=0
[fMenu] ao=5 Z=0 aR=333 tmpl=1029
[k] node=364 mode=0 type=4 op=5
[menuGate] ax=0 ab=0
[fMenu] ao=5 Z=0 aR=333 tmpl=1029
[k] node=364 mode=0 type=4 op=5
[menuGate] ax=0 ab=0
[fMenu] ao=5 Z=0 aR=333 tmpl=1029
[k] node=364 mode=0 type=4 op=5
[menuGate] ax=0 ab=0
[fMenu] ao=5 Z=0 aR=333 tmpl=1029
[k] node=364 mode=0 type=4 op=5
[menuGate] ax=0 ab=0
[fMenu] ao=5 Z=0 aR=333 tmpl=1029
[k] node=364 mode=0 type=4 op=5
[menuGate] ax=0 ab=0
[fMenu] ao=5 Z=0 aR=333 tmpl=1029
[k] node=364 mode=0 type=4 op=5
[menuGate] ax=0 ab=0
[fMenu] ao=5 Z=0 aR=333 tmpl=1029
[k] node=364 mode=0 type=4 op=5
[menuGate] ax=0 ab=0
[fMenu] ao=5 Z=0 aR=333 tmpl=1029
[k] node=364 mode=0 type=4 op=5
[menuGate] ax=0 ab=0
[fMenu] ao=5 Z=0 aR=333 tmpl=1029
[k] node=364 mode=0 type=4 op=5
[menuGate] ax=0 ab=0
[fMenu] ao=5 Z=0 aR=333 tmpl=1029
[k] node=364 mode=0 type=4 op=5
[k] node=377 mode=0 type=4 op=2
[trace] g->9 (aA=4 am=4)
[menuGate] ax=0 ab=0
[dbg] ar=73 am=4 aA=0 aH=1 l=false j=false fullRedraw=false
[fMenu] ao=9 Z=4 aR=0 tmpl=1029
[fMenu] ao=9 Z=4 aR=0 tmpl=1029
[fMenu] ao=9 Z=4 aR=0 tmpl=1029
[fMenu] ao=9 Z=4 aR=0 tmpl=1029
[fMenu] ao=9 Z=4 aR=0 tmpl=1029
[fMenu] ao=9 Z=4 aR=0 tmpl=1029
[fMenu] ao=9 Z=4 aR=0 tmpl=1029
[fMenu] ao=9 Z=4 aR=0 tmpl=1029
[fMenu] ao=9 Z=4 aR=0 tmpl=1029
[fMenu] ao=9 Z=4 aR=0 tmpl=1029
[fMenu] ao=9 Z=4 aR=0 tmpl=1029
[fMenu] ao=9 Z=4 aR=0 tmpl=1029
[fMenu] ao=9 Z=4 aR=0 tmpl=1029
[fMenu] ao=9 Z=4 aR=0 tmpl=1029
[fMenu] ao=9 Z=4 aR=0 tmpl=1029
[fMenu] ao=9 Z=4 aR=0 tmpl=1029
[fMenu] ao=9 Z=4 aR=0 tmpl=1029
[fMenu] ao=9 Z=4 aR=0 tmpl=1029
[fMenu] ao=9 Z=4 aR=0 tmpl=1029
[fMenu] ao=9 Z=4 aR=0 tmpl=1029
[fMenu] ao=9 Z=4 aR=0 tmpl=1029
[fMenu] ao=9 Z=4 aR=0 tmpl=1029
[fMenu] ao=9 Z=4 aR=0 tmpl=1029
[fMenu] ao=9 Z=4 aR=0 tmpl=1029
[fMenu] ao=9 Z=4 aR=0 tmpl=1029
[dbg] ar=98 am=4 aA=4 aH=0 l=false j=false fullRedraw=false
[fMenu] ao=9 Z=4 aR=0 tmpl=1029
[fMenu] ao=9 Z=4 aR=0 tmpl=1029
[fMenu] ao=9 Z=4 aR=0 tmpl=1029
[fMenu] ao=9 Z=4 aR=0 tmpl=1029
[fMenu] ao=9 Z=4 aR=0 tmpl=1029
[fMenu] ao=9 Z=4 aR=0 tmpl=1029
[fMenu] ao=9 Z=4 aR=0 tmpl=1029
[fMenu] ao=9 Z=4 aR=0 tmpl=1029
[fMenu] ao=9 Z=4 aR=0 tmpl=1029
[fMenu] ao=9 Z=4 aR=0 tmpl=1029
[fMenu] ao=9 Z=4 aR=0 tmpl=1029
[fMenu] ao=9 Z=4 aR=0 tmpl=1029
[fMenu] ao=9 Z=4 aR=0 tmpl=1029
[fMenu] ao=9 Z=4 aR=0 tmpl=1029
[void_a] key=-5 ae=22 ak=19 ar=112
[input] ar=112 key -5
[fHead] ax=22
[fMenu] ao=9 Z=4 aR=0 tmpl=1029
[k] node=57 mode=1 type=16 op=2
[trace] g->9 (aA=4 am=4)
[fMenu] ao=5 Z=4 aR=116 tmpl=1029
[fMenu] ao=5 Z=4 aR=116 tmpl=1029
[fMenu] ao=5 Z=4 aR=116 tmpl=1029
[fMenu] ao=5 Z=4 aR=116 tmpl=1029
[fMenu] ao=5 Z=4 aR=116 tmpl=1029
[fMenu] ao=5 Z=4 aR=116 tmpl=1029
[void_a] key=-4 ae=23 ak=19 ar=121
[input] ar=121 key -4
[fMenu] ao=5 Z=4 aR=116 tmpl=1029
[fMenu] ao=5 Z=4 aR=116 tmpl=1029
[dbg] ar=123 am=4 aA=4 aH=0 l=false j=false fullRedraw=false
[fMenu] ao=5 Z=4 aR=116 tmpl=1029
[fMenu] ao=5 Z=4 aR=116 tmpl=1029
[fMenu] ao=5 Z=4 aR=116 tmpl=1029
[fMenu] ao=5 Z=4 aR=116 tmpl=1029
[fMenu] ao=5 Z=4 aR=116 tmpl=1029
[fMenu] ao=5 Z=4 aR=116 tmpl=1029
[fMenu] ao=5 Z=4 aR=116 tmpl=1029
[void_a] key=-4 ae=23 ak=19 ar=130
[input] ar=130 key -4
[fHead] ax=23
[fMenu] ao=5 Z=4 aR=116 tmpl=1029
[k] node=171 mode=0 type=2 op=3
[fMenu] ao=5 Z=4 aR=116 tmpl=1029
[fMenu] ao=5 Z=4 aR=116 tmpl=1029
[fMenu] ao=5 Z=4 aR=116 tmpl=1029
[fMenu] ao=5 Z=4 aR=116 tmpl=1029
[fMenu] ao=5 Z=4 aR=116 tmpl=1029
[fMenu] ao=5 Z=4 aR=116 tmpl=1029
[void_a] key=-5 ae=22 ak=19 ar=137
[input] ar=137 key -5
[fHead] ax=22
[fMenu] ao=5 Z=4 aR=116 tmpl=1029
[k] node=171 mode=1 type=2 op=3
[trace] g->9 (aA=4 am=4)
[k] node=171 mode=0 type=2 op=3
[fMenu] ao=5 Z=4 aR=881 tmpl=1029
[fMenu] ao=5 Z=4 aR=881 tmpl=1029
[fMenu] ao=5 Z=4 aR=881 tmpl=1029
[fMenu] ao=5 Z=4 aR=881 tmpl=1029
[fMenu] ao=5 Z=4 aR=881 tmpl=1029
[fMenu] ao=5 Z=4 aR=881 tmpl=1029
[fMenu] ao=5 Z=4 aR=881 tmpl=1029
[void_a] key=-4 ae=23 ak=19 ar=147
[input] ar=147 key -4
[fMenu] ao=5 Z=4 aR=881 tmpl=1029
[dbg] ar=148 am=4 aA=4 aH=0 l=false j=false fullRedraw=false
[fMenu] ao=5 Z=4 aR=881 tmpl=1029
[fMenu] ao=5 Z=4 aR=881 tmpl=1029
[fMenu] ao=5 Z=4 aR=881 tmpl=1029
[fMenu] ao=5 Z=4 aR=881 tmpl=1029
[fMenu] ao=5 Z=4 aR=881 tmpl=1029
[fMenu] ao=5 Z=4 aR=881 tmpl=1029
[fMenu] ao=5 Z=4 aR=881 tmpl=1029
[fMenu] ao=5 Z=4 aR=881 tmpl=1029
[void_a] key=-4 ae=23 ak=19 ar=156
[input] ar=156 key -4
[fHead] ax=23
[fMenu] ao=5 Z=4 aR=881 tmpl=1029
[k] node=936 mode=0 type=2 op=3
[fMenu] ao=5 Z=4 aR=881 tmpl=1029
[fMenu] ao=5 Z=4 aR=881 tmpl=1029
[fMenu] ao=5 Z=4 aR=881 tmpl=1029
[fMenu] ao=5 Z=4 aR=881 tmpl=1029
[fMenu] ao=5 Z=4 aR=881 tmpl=1029
[fMenu] ao=5 Z=4 aR=881 tmpl=1029
[void_a] key=-4 ae=23 ak=19 ar=163
[input] ar=163 key -4
[fHead] ax=23
[fMenu] ao=5 Z=4 aR=881 tmpl=1029
[k] node=936 mode=0 type=2 op=3
[fMenu] ao=5 Z=4 aR=881 tmpl=1029
[fMenu] ao=5 Z=4 aR=881 tmpl=1029
[fMenu] ao=5 Z=4 aR=881 tmpl=1029
[fMenu] ao=5 Z=4 aR=881 tmpl=1029
[fMenu] ao=5 Z=4 aR=881 tmpl=1029
[fMenu] ao=5 Z=4 aR=881 tmpl=1029
[void_a] key=-4 ae=23 ak=19 ar=170
[input] ar=170 key -4
[fHead] ax=23
[fMenu] ao=5 Z=4 aR=881 tmpl=1029
[k] node=936 mode=0 type=2 op=3
[fMenu] ao=5 Z=4 aR=881 tmpl=1029
[fMenu] ao=5 Z=4 aR=881 tmpl=1029
[dbg] ar=173 am=4 aA=4 aH=0 l=false j=false fullRedraw=false
[fMenu] ao=5 Z=4 aR=881 tmpl=1029
[fMenu] ao=5 Z=4 aR=881 tmpl=1029
[fMenu] ao=5 Z=4 aR=881 tmpl=1029
[fMenu] ao=5 Z=4 aR=881 tmpl=1029
[void_a] key=-5 ae=22 ak=19 ar=177
[input] ar=177 key -5
[fHead] ax=22
[fMenu] ao=5 Z=4 aR=881 tmpl=1029
[k] node=936 mode=1 type=2 op=3
[trace] g->5 (aA=4 am=4)
[k] node=936 mode=0 type=2 op=3
[trace] g->11 (aA=5 am=5)
[trace] boolean_c aH=0 ac=32 aC=3
[view] world rebuild with clipTop=0 -> var_boolean_l=true
[trace] g->8 (aA=6 am=6)
[dev] in mission, aA=6
[trace] g(1,74,0) ac=32
[trace] g->2 (aA=6 am=6)
[view] dialog open z=74 overlayPrevState=6
[dlg-parse] z=74 v=0 strLen=216 str=The enemy has constructed camps near our home to feed their war machine. @ We must show them we will not stand and watch while they pillage our lands. @ Take an army of troops and smash all their buildings to pieces.
[dbg] ar=198 am=2 aA=2 aH=0 l=false j=false fullRedraw=false
[fifo] ar=204 state
[devMouse] aA=2/2 cursor=(48,13) cam=(468,404) Q=880 aE=0 Y=0 sel=0
[devMouse] p0 unit 0 tile=(48,14) type=3 sel=false
[devMouse] p0 unit 1 tile=(48,13) type=3 sel=false
[devMouse] p0 unit 2 tile=(49,13) type=3 sel=false
[devMouse] p0 unit 3 tile=(49,14) type=3 sel=false
[devMouse] p0 unit 4 tile=(48,16) type=5 sel=false
[devMouse] p0 unit 5 tile=(48,17) type=5 sel=false
[devMouse] p0 unit 6 tile=(46,11) type=4 sel=false
[devMouse] p0 unit 7 tile=(47,11) type=4 sel=false
[devMouse] p1 unit 0 tile=(32,30) type=5 sel=false
[devMouse] p1 unit 1 tile=(30,30) type=5 sel=false
[devMouse] p1 unit 2 tile=(11,50) type=3 sel=false
[devMouse] p1 unit 3 tile=(11,49) type=3 sel=false
[devMouse] p1 unit 4 tile=(11,48) type=3 sel=false
[devMouse] p1 unit 5 tile=(34,55) type=4 sel=false
[devMouse] p1 unit 6 tile=(34,53) type=4 sel=false
[devMouse] p1 unit 7 tile=(34,51) type=4 sel=false
[dbg] ar=223 am=2 aA=2 aH=0 l=false j=false fullRedraw=false
[fifo] ar=246 key -6
[void_a] key=-6 ae=38 ak=19 ar=246
[input] ar=246 key -6
[dbg] ar=248 am=6 aA=6 aH=0 l=false j=false fullRedraw=false
[save] wrote /tmp/aoe-camp/m3v2/saves/auto.aoesave (12297B) ar=272
[dbg] ar=273 am=6 aA=6 aH=0 l=false j=false fullRedraw=false
[fifo] ar=275 state
[devMouse] aA=6/6 cursor=(48,13) cam=(468,404) Q=880 aE=0 Y=0 sel=0
[devMouse] p0 unit 0 tile=(48,14) type=3 sel=false
[devMouse] p0 unit 1 tile=(48,13) type=3 sel=false
[devMouse] p0 unit 2 tile=(49,13) type=3 sel=false
[devMouse] p0 unit 3 tile=(49,14) type=3 sel=false
[devMouse] p0 unit 4 tile=(48,16) type=5 sel=false
[devMouse] p0 unit 5 tile=(48,17) type=5 sel=false
[devMouse] p0 unit 6 tile=(46,11) type=4 sel=false
[devMouse] p0 unit 7 tile=(47,11) type=4 sel=false
[devMouse] p1 unit 0 tile=(32,30) type=5 sel=false
[devMouse] p1 unit 1 tile=(30,30) type=5 sel=false
[devMouse] p1 unit 2 tile=(11,50) type=3 sel=false
[devMouse] p1 unit 3 tile=(11,49) type=3 sel=false
[devMouse] p1 unit 4 tile=(11,48) type=3 sel=false
[devMouse] p1 unit 5 tile=(34,55) type=4 sel=false
[devMouse] p1 unit 6 tile=(34,53) type=4 sel=false
[devMouse] p1 unit 7 tile=(34,51) type=4 sel=false
[dbg] ar=298 am=6 aA=6 aH=0 l=false j=false fullRedraw=false
[fifo] ar=320 save /tmp/aoe-camp/m3v2/base.aoesave
[save] wrote /tmp/aoe-camp/m3v2/base.aoesave (12297B) ar=321
[dbg] ar=323 am=6 aA=6 aH=0 l=false j=false fullRedraw=false
[dbg] ar=348 am=6 aA=6 aH=0 l=false j=false fullRedraw=false
[dbg] ar=373 am=6 aA=6 aH=0 l=false j=false fullRedraw=false
[dbg] ar=398 am=6 aA=6 aH=0 l=false j=false fullRedraw=false
[fifo] ar=410 state
[devMouse] aA=6/6 cursor=(48,13) cam=(468,404) Q=880 aE=0 Y=0 sel=0
[devMouse] p0 unit 0 tile=(48,14) type=3 sel=false
[devMouse] p0 unit 1 tile=(48,13) type=3 sel=false
[devMouse] p0 unit 2 tile=(49,13) type=3 sel=false
[devMouse] p0 unit 3 tile=(49,14) type=3 sel=false
[devMouse] p0 unit 4 tile=(48,16) type=5 sel=false
[devMouse] p0 unit 5 tile=(48,17) type=5 sel=false
[devMouse] p0 unit 6 tile=(46,11) type=4 sel=false
[devMouse] p0 unit 7 tile=(47,11) type=4 sel=false
[devMouse] p1 unit 0 tile=(32,30) type=5 sel=false
[devMouse] p1 unit 1 tile=(30,30) type=5 sel=false
[devMouse] p1 unit 2 tile=(11,50) type=3 sel=false
[devMouse] p1 unit 3 tile=(11,49) type=3 sel=false
[devMouse] p1 unit 4 tile=(11,48) type=3 sel=false
[devMouse] p1 unit 5 tile=(34,55) type=4 sel=false
[devMouse] p1 unit 6 tile=(34,53) type=4 sel=false
[devMouse] p1 unit 7 tile=(34,51) type=4 sel=false
[dbg] ar=423 am=6 aA=6 aH=0 l=false j=false fullRedraw=false
[dbg] ar=448 am=6 aA=6 aH=0 l=false j=false fullRedraw=false
[fifo] ar=457 aistate
[devMouse] aistate written, ar=457
[fifoQ] ar=468 retask 0 37 25
[fifoQ] ar=468 retask 1 37 25
[fifoQ] ar=468 retask 2 37 25
[fifoQ] ar=468 retask 3 37 25
[fifoQ] ar=468 retask 4 37 25
[fifoQ] ar=468 retask 5 37 25
[fifoQ] ar=468 retask 6 37 25
[fifoQ] ar=468 retask 7 37 25
[fifo] ar=469 retask 0 37 25
[devMouse] retask slot0 (48,14)w0 -> (37,25)
[fifo] ar=469 retask 1 37 25
[devMouse] retask slot1 (48,13)w0 -> (37,25)
[fifo] ar=469 retask 2 37 25
[devMouse] retask slot2 (49,13)w0 -> (37,25)
[fifo] ar=469 retask 3 37 25
[devMouse] retask slot3 (49,14)w0 -> (37,25)
[fifo] ar=469 retask 4 37 25
[devMouse] retask slot4 (48,16)w0 -> (37,25)
[fifo] ar=469 retask 5 37 25
[devMouse] retask slot5 (48,17)w0 -> (37,25)
[fifo] ar=469 retask 6 37 25
[devMouse] retask slot6 (46,11)w0 -> (37,25)
[fifo] ar=469 retask 7 37 25
[devMouse] retask slot7 (47,11)w0 -> (37,25)
[dbg] ar=473 am=6 aA=6 aH=0 l=false j=false fullRedraw=false
[fifo] ar=495 aistate
[devMouse] aistate written, ar=495
[dbg] ar=498 am=6 aA=6 aH=0 l=false j=false fullRedraw=false
[dbg] ar=523 am=6 aA=6 aH=0 l=false j=false fullRedraw=false
[fifo] ar=529 aistate
[devMouse] aistate written, ar=529
[dbg] ar=548 am=6 aA=6 aH=0 l=false j=false fullRedraw=false
[fifo] ar=563 aistate
[devMouse] aistate written, ar=564
[dbg] ar=573 am=6 aA=6 aH=0 l=false j=false fullRedraw=false
[fifoQ] ar=574 retask 0 30 30
[fifoQ] ar=574 retask 1 30 30
[fifoQ] ar=574 retask 2 30 30
[fifoQ] ar=574 retask 3 30 30
[fifoQ] ar=574 retask 4 30 30
[fifoQ] ar=574 retask 5 30 30
[fifoQ] ar=574 retask 6 30 30
[fifoQ] ar=574 retask 7 30 30
[fifo] ar=575 retask 0 30 30
[devMouse] retask slot0 (37,25)w0 -> (30,30)
[fifo] ar=575 retask 1 30 30
[devMouse] retask slot1 (37,24)w0 -> (30,30)
[fifo] ar=575 retask 2 30 30
[devMouse] retask slot2 (38,24)w0 -> (30,30)
[fifo] ar=575 retask 3 30 30
[devMouse] retask slot3 (36,24)w0 -> (30,30)
[fifo] ar=575 retask 4 30 30
[devMouse] retask slot4 (34,21)w0 -> (30,30)
[fifo] ar=575 retask 5 30 30
[devMouse] retask slot5 (34,23)w0 -> (30,30)
[fifo] ar=575 retask 6 30 30
[devMouse] retask slot6 (36,25)w0 -> (30,30)
[fifo] ar=575 retask 7 30 30
[devMouse] retask slot7 (35,26)w0 -> (30,30)
[dbg] ar=598 am=6 aA=6 aH=0 l=false j=false fullRedraw=false
[fifo] ar=601 aistate
[devMouse] aistate written, ar=601
[dbg] ar=623 am=6 aA=6 aH=0 l=false j=false fullRedraw=false
[fifo] ar=636 aistate
[devMouse] aistate written, ar=636
[combat] p1 type5 died at (34,28) ar=637 remaining=7
[fifoQ] ar=647 retask 0 30 30
[fifoQ] ar=647 retask 2 30 30
[fifoQ] ar=647 retask 3 30 30
[fifoQ] ar=647 retask 4 30 30
[fifoQ] ar=647 retask 5 30 30
[fifo] ar=648 retask 0 30 30
[devMouse] retask slot0 (34,29)w0 -> (30,30)
[fifo] ar=648 retask 2 30 30
[devMouse] retask slot2 (32,27)w401 -> (30,30)
[fifo] ar=648 retask 3 30 30
[devMouse] retask slot3 (31,28)w401 -> (30,30)
[fifo] ar=648 retask 4 30 30
[devMouse] retask slot4 (33,29)w301 -> (30,30)
[fifo] ar=648 retask 5 30 30
[devMouse] retask slot5 (32,29)w501 -> (30,30)
[dbg] ar=648 am=6 aA=6 aH=0 l=false j=false fullRedraw=false
[combat] p1 type5 died at (32,28) ar=652 remaining=6
[fifo] ar=673 aistate
[devMouse] aistate written, ar=673
[dbg] ar=673 am=6 aA=6 aH=0 l=false j=false fullRedraw=false
[fifo] ar=685 aistate
[devMouse] aistate written, ar=685
[dbg] ar=698 am=6 aA=6 aH=0 l=false j=false fullRedraw=false
[fifo] ar=720 aistate
[devMouse] aistate written, ar=720
[dbg] ar=723 am=6 aA=6 aH=0 l=false j=false fullRedraw=false
[dbg] ar=748 am=6 aA=6 aH=0 l=false j=false fullRedraw=false
[fifo] ar=753 aistate
[devMouse] aistate written, ar=753
[dbg] ar=773 am=6 aA=6 aH=0 l=false j=false fullRedraw=false
[trace] g->8 (aA=6 am=6)
[fifo] ar=789 aistate
[devMouse] aistate written, ar=789
[dbg] ar=798 am=6 aA=6 aH=0 l=false j=false fullRedraw=false
[dbg] ar=823 am=6 aA=6 aH=0 l=false j=false fullRedraw=false
[fifo] ar=824 aistate
[devMouse] aistate written, ar=824
[dbg] ar=848 am=6 aA=6 aH=0 l=false j=false fullRedraw=false
[fifo] ar=857 aistate
[devMouse] aistate written, ar=857
[dbg] ar=873 am=6 aA=6 aH=0 l=false j=false fullRedraw=false
[fifo] ar=891 aistate
[devMouse] aistate written, ar=891
[dbg] ar=898 am=6 aA=6 aH=0 l=false j=false fullRedraw=false
[dbg] ar=923 am=6 aA=6 aH=0 l=false j=false fullRedraw=false
[fifo] ar=924 aistate
[devMouse] aistate written, ar=924
[dbg] ar=948 am=6 aA=6 aH=0 l=false j=false fullRedraw=false
[fifo] ar=958 aistate
[devMouse] aistate written, ar=958
[dbg] ar=973 am=6 aA=6 aH=0 l=false j=false fullRedraw=false
[fifo] ar=992 aistate
[devMouse] aistate written, ar=992
[dbg] ar=998 am=6 aA=6 aH=0 l=false j=false fullRedraw=false
[dbg] ar=1023 am=6 aA=6 aH=0 l=false j=false fullRedraw=false
[fifo] ar=1026 aistate
[devMouse] aistate written, ar=1026
[dbg] ar=1048 am=6 aA=6 aH=0 l=false j=false fullRedraw=false
[fifo] ar=1060 aistate
[devMouse] aistate written, ar=1060
[dbg] ar=1073 am=6 aA=6 aH=0 l=false j=false fullRedraw=false
[fifo] ar=1095 aistate
[devMouse] aistate written, ar=1095
[dbg] ar=1098 am=6 aA=6 aH=0 l=false j=false fullRedraw=false
[dbg] ar=1123 am=6 aA=6 aH=0 l=false j=false fullRedraw=false
[fifo] ar=1128 aistate
[devMouse] aistate written, ar=1128
[dbg] ar=1148 am=6 aA=6 aH=0 l=false j=false fullRedraw=false
[fifo] ar=1162 aistate
[devMouse] aistate written, ar=1162
[dbg] ar=1173 am=6 aA=6 aH=0 l=false j=false fullRedraw=false
[fifoQ] ar=1174 retask 0 16 43
[fifoQ] ar=1174 retask 1 16 43
[fifoQ] ar=1174 retask 2 16 43
[fifoQ] ar=1174 retask 3 16 43
[fifoQ] ar=1174 retask 4 16 43
[fifoQ] ar=1174 retask 5 16 43
[fifo] ar=1175 retask 0 16 43
[devMouse] retask slot0 (30,31)w0 -> (16,43)
[fifo] ar=1175 retask 1 16 43
[devMouse] retask slot1 (31,30)w0 -> (16,43)
[fifo] ar=1175 retask 2 16 43
[devMouse] retask slot2 (31,31)w0 -> (16,43)
[fifo] ar=1175 retask 3 16 43
[devMouse] retask slot3 (32,30)w0 -> (16,43)
[fifo] ar=1175 retask 4 16 43
[devMouse] retask slot4 (32,31)w0 -> (16,43)
[fifo] ar=1175 retask 5 16 43
[devMouse] retask slot5 (31,32)w0 -> (16,43)
[dbg] ar=1198 am=6 aA=6 aH=0 l=false j=false fullRedraw=false
[fifo] ar=1199 aistate
[devMouse] aistate written, ar=1199
[dbg] ar=1223 am=6 aA=6 aH=0 l=false j=false fullRedraw=false
[fifo] ar=1233 aistate
[devMouse] aistate written, ar=1233
[dbg] ar=1248 am=6 aA=6 aH=0 l=false j=false fullRedraw=false
[fifo] ar=1267 aistate
[devMouse] aistate written, ar=1267
[dbg] ar=1273 am=6 aA=6 aH=0 l=false j=false fullRedraw=false
[dbg] ar=1298 am=6 aA=6 aH=0 l=false j=false fullRedraw=false
[fifo] ar=1301 aistate
[devMouse] aistate written, ar=1301
[fifoQ] ar=1312 retask 0 11 48
[fifoQ] ar=1312 retask 1 11 48
[fifoQ] ar=1312 retask 2 11 48
[fifoQ] ar=1312 retask 3 11 48
[fifoQ] ar=1312 retask 4 11 48
[fifoQ] ar=1312 retask 5 11 48
[fifoQ] ar=1312 retask 6 11 48
[fifoQ] ar=1312 retask 7 11 48
[fifo] ar=1313 retask 0 11 48
[devMouse] retask slot0 (16,43)w0 -> (11,48)
[fifo] ar=1313 retask 1 11 48
[devMouse] retask slot1 (15,42)w0 -> (11,48)
[fifo] ar=1313 retask 2 11 48
[devMouse] retask slot2 (14,41)w0 -> (11,48)
[fifo] ar=1313 retask 3 11 48
[devMouse] retask slot3 (14,42)w0 -> (11,48)
[fifo] ar=1313 retask 4 11 48
[devMouse] retask slot4 (15,43)w0 -> (11,48)
[fifo] ar=1313 retask 5 11 48
[devMouse] retask slot5 (16,41)w0 -> (11,48)
[fifo] ar=1313 retask 6 11 48
[devMouse] retask slot6 (30,30)w0 -> (11,48)
[fifo] ar=1313 retask 7 11 48
[devMouse] retask slot7 (31,29)w0 -> (11,48)
[dbg] ar=1323 am=6 aA=6 aH=0 l=false j=false fullRedraw=false
[proj] aim scan exhausted p=1 active=1 tick=1339
[fifo] ar=1339 aistate
[devMouse] aistate written, ar=1339
[proj] aim scan exhausted p=1 active=1 tick=1340
[proj] aim scan exhausted p=1 active=1 tick=1341
[proj] aim scan exhausted p=1 active=1 tick=1342
[proj] aim scan exhausted p=1 active=1 tick=1343
[proj] aim scan exhausted p=1 active=1 tick=1344
[proj] aim scan exhausted p=1 active=1 tick=1345
[proj] aim scan exhausted p=1 active=1 tick=1346
[proj] aim scan exhausted p=1 active=1 tick=1347
[proj] aim scan exhausted p=1 active=1 tick=1348
[dbg] ar=1348 am=6 aA=6 aH=0 l=false j=false fullRedraw=false
[proj] aim scan exhausted p=1 active=1 tick=1349
[proj] aim scan exhausted p=1 active=1 tick=1350
[fifoQ] ar=1350 retask 0 11 50
[fifoQ] ar=1350 retask 1 11 50
[fifoQ] ar=1350 retask 2 11 50
[fifoQ] ar=1350 retask 3 11 50
[fifoQ] ar=1350 retask 4 11 50
[fifoQ] ar=1350 retask 5 11 50
[fifoQ] ar=1350 retask 6 11 50
[fifoQ] ar=1350 retask 7 11 50
[fifo] ar=1351 retask 0 11 50
[devMouse] retask slot0 (16,50)w0 -> (11,50)
[fifo] ar=1351 retask 1 11 50
[devMouse] retask slot1 (13,46)w401 -> (11,50)
[fifo] ar=1351 retask 2 11 50
[devMouse] retask slot2 (14,46)w0 -> (11,50)
[fifo] ar=1351 retask 3 11 50
[devMouse] retask slot3 (12,48)w0 -> (11,50)
[fifo] ar=1351 retask 4 11 50
[devMouse] retask slot4 (15,46)w0 -> (11,50)
[fifo] ar=1351 retask 5 11 50
[devMouse] retask slot5 (16,45)w0 -> (11,50)
[fifo] ar=1351 retask 6 11 50
[devMouse] retask slot6 (23,27)w0 -> (11,50)
[fifo] ar=1351 retask 7 11 50
[devMouse] retask slot7 (24,26)w0 -> (11,50)
[proj] aim scan exhausted p=1 active=1 tick=1351
[proj] aim scan exhausted p=1 active=1 tick=1352
[proj] aim scan exhausted p=1 active=1 tick=1353
[proj] aim scan exhausted p=1 active=1 tick=1355
[proj] aim scan exhausted p=1 active=1 tick=1356
[proj] aim scan exhausted p=1 active=1 tick=1357
[proj] aim scan exhausted p=1 active=1 tick=1358
[proj] aim scan exhausted p=1 active=1 tick=1359
[proj] aim scan exhausted p=1 active=1 tick=1360
[proj] aim scan exhausted p=1 active=1 tick=1361
[proj] aim scan exhausted p=1 active=1 tick=1362
[proj] aim scan exhausted p=1 active=1 tick=1363
[proj] aim scan exhausted p=1 active=1 tick=1364
[proj] aim scan exhausted p=1 active=1 tick=1365
[proj] aim scan exhausted p=1 active=1 tick=1366
[proj] aim scan exhausted p=1 active=1 tick=1367
[proj] aim scan exhausted p=1 active=1 tick=1368
[proj] aim scan exhausted p=1 active=1 tick=1369
[proj] aim scan exhausted p=1 active=1 tick=1370
[proj] aim scan exhausted p=1 active=1 tick=1371
[proj] aim scan exhausted p=1 active=1 tick=1372
[proj] aim scan exhausted p=1 active=1 tick=1373
[dbg] ar=1373 am=6 aA=6 aH=0 l=false j=false fullRedraw=false
[proj] aim scan exhausted p=1 active=1 tick=1374
[proj] aim scan exhausted p=1 active=1 tick=1375
[proj] aim scan exhausted p=1 active=1 tick=1376
[proj] aim scan exhausted p=1 active=1 tick=1377
[fifo] ar=1377 aistate
[devMouse] aistate written, ar=1377
[proj] aim scan exhausted p=1 active=1 tick=1378
[proj] aim scan exhausted p=1 active=1 tick=1379
[proj] aim scan exhausted p=1 active=1 tick=1380
[proj] aim scan exhausted p=1 active=1 tick=1381
[proj] aim scan exhausted p=1 active=1 tick=1382
[proj] aim scan exhausted p=1 active=1 tick=1383
[proj] aim scan exhausted p=1 active=1 tick=1384
[proj] aim scan exhausted p=1 active=1 tick=1385
[proj] aim scan exhausted p=1 active=1 tick=1386
[proj] aim scan exhausted p=1 active=1 tick=1387
[proj] aim scan exhausted p=1 active=1 tick=1388
[fifoQ] ar=1388 retask 0 12 49
[fifoQ] ar=1388 retask 1 12 49
[fifoQ] ar=1388 retask 2 12 49
[fifoQ] ar=1389 retask 5 12 49
[fifo] ar=1389 retask 0 12 49
[devMouse] retask slot0 (15,49)w301 -> (12,49)
[fifo] ar=1389 retask 1 12 49
[devMouse] retask slot1 (12,48)w601 -> (12,49)
[fifo] ar=1389 retask 2 12 49
[devMouse] retask slot2 (11,49)w201 -> (12,49)
[fifo] ar=1389 retask 5 12 49
[devMouse] retask slot5 (13,50)w0 -> (12,49)
[proj] aim scan exhausted p=1 active=1 tick=1389
[proj] aim scan exhausted p=1 active=1 tick=1390
[proj] aim scan exhausted p=1 active=1 tick=1391
[proj] aim scan exhausted p=1 active=1 tick=1392
[proj] aim scan exhausted p=1 active=1 tick=1393
[proj] aim scan exhausted p=1 active=1 tick=1394
[proj] aim scan exhausted p=1 active=1 tick=1395
[proj] aim scan exhausted p=1 active=1 tick=1396
[combat] p1 type3 died at (12,49) ar=1397 remaining=5
[proj] aim scan exhausted p=1 active=1 tick=1397
[proj] aim scan exhausted p=1 active=1 tick=1398
[dbg] ar=1398 am=6 aA=6 aH=0 l=false j=false fullRedraw=false
[proj] aim scan exhausted p=1 active=1 tick=1399
[proj] aim scan exhausted p=1 active=1 tick=1400
[proj] aim scan exhausted p=1 active=1 tick=1401
[fifo] ar=1415 aistate
[devMouse] aistate written, ar=1415
[combat] p0 type3 died at (12,48) ar=1417 remaining=7
[trace] g->8 (aA=6 am=6)
[proj] aim scan exhausted p=1 active=1 tick=1419
[proj] aim scan exhausted p=1 active=1 tick=1420
[proj] aim scan exhausted p=1 active=1 tick=1421
[proj] aim scan exhausted p=1 active=1 tick=1422
[proj] aim scan exhausted p=1 active=1 tick=1423
[dbg] ar=1423 am=6 aA=6 aH=0 l=false j=false fullRedraw=false
[proj] aim scan exhausted p=1 active=1 tick=1424
[proj] aim scan exhausted p=1 active=1 tick=1425
[proj] aim scan exhausted p=1 active=1 tick=1426
[combat] p1 type3 died at (14,48) ar=1427 remaining=4
[proj] aim scan exhausted p=1 active=1 tick=1427
[fifoQ] ar=1427 retask 0 16 43
[fifoQ] ar=1427 retask 1 16 43
[fifo] ar=1428 retask 0 16 43
[devMouse] retask slot0 (13,48)w1 -> (16,43)
[fifo] ar=1428 retask 1 16 43
[devMouse] retask slot1 (15,39)w0 -> (16,43)
[proj] aim scan exhausted p=1 active=1 tick=1428
[proj] aim scan exhausted p=1 active=1 tick=1429
[proj] aim scan exhausted p=1 active=1 tick=1430
[proj] aim scan exhausted p=1 active=1 tick=1431
[proj] aim scan exhausted p=1 active=1 tick=1432
[proj] aim scan exhausted p=1 active=1 tick=1433
[proj] aim scan exhausted p=1 active=1 tick=1435
[proj] aim scan exhausted p=1 active=1 tick=1436
[proj] aim scan exhausted p=1 active=1 tick=1437
[proj] aim scan exhausted p=1 active=1 tick=1438
[proj] aim scan exhausted p=1 active=1 tick=1439
[proj] aim scan exhausted p=1 active=1 tick=1440
[proj] aim scan exhausted p=1 active=1 tick=1441
[proj] aim scan exhausted p=1 active=1 tick=1442
[proj] aim scan exhausted p=1 active=1 tick=1443
[proj] aim scan exhausted p=1 active=1 tick=1444
[proj] aim scan exhausted p=1 active=1 tick=1445
[proj] aim scan exhausted p=1 active=1 tick=1446
[proj] aim scan exhausted p=1 active=1 tick=1447
[proj] aim scan exhausted p=1 active=1 tick=1448
[dbg] ar=1448 am=6 aA=6 aH=0 l=false j=false fullRedraw=false
[proj] aim scan exhausted p=1 active=1 tick=1449
[combat] p1 type3 died at (13,48) ar=1451 remaining=3
[proj] aim scan exhausted p=1 active=1 tick=1451
[proj] aim scan exhausted p=1 active=1 tick=1452
[proj] aim scan exhausted p=1 active=1 tick=1453
[proj] aim scan exhausted p=1 active=1 tick=1454
[proj] aim scan exhausted p=1 active=1 tick=1455
[fifo] ar=1455 aistate
[devMouse] aistate written, ar=1455
[proj] aim scan exhausted p=1 active=1 tick=1456
[proj] aim scan exhausted p=1 active=1 tick=1457
[proj] aim scan exhausted p=1 active=1 tick=1458
[proj] aim scan exhausted p=1 active=1 tick=1459
[proj] aim scan exhausted p=1 active=1 tick=1460
[proj] aim scan exhausted p=1 active=1 tick=1461
[proj] aim scan exhausted p=1 active=1 tick=1462
[proj] aim scan exhausted p=1 active=1 tick=1463
[proj] aim scan exhausted p=1 active=1 tick=1464
[proj] aim scan exhausted p=1 active=1 tick=1465
[proj] aim scan exhausted p=1 active=1 tick=1466
[fifo] ar=1466 aistate
[devMouse] aistate written, ar=1466
[proj] aim scan exhausted p=1 active=1 tick=1467
[proj] aim scan exhausted p=1 active=1 tick=1468
[proj] aim scan exhausted p=1 active=1 tick=1469
[proj] aim scan exhausted p=1 active=1 tick=1470
[proj] aim scan exhausted p=1 active=1 tick=1471
[proj] aim scan exhausted p=1 active=1 tick=1472
[proj] aim scan exhausted p=1 active=1 tick=1473
[dbg] ar=1473 am=6 aA=6 aH=0 l=false j=false fullRedraw=false
[proj] aim scan exhausted p=1 active=1 tick=1474
[proj] aim scan exhausted p=1 active=1 tick=1475
[proj] aim scan exhausted p=1 active=1 tick=1476
[proj] aim scan exhausted p=1 active=1 tick=1477
[proj] aim scan exhausted p=1 active=1 tick=1478
[proj] aim scan exhausted p=1 active=1 tick=1479
[proj] aim scan exhausted p=1 active=1 tick=1480
[proj] aim scan exhausted p=1 active=1 tick=1481
[proj] aim scan exhausted p=1 active=1 tick=1482
[proj] aim scan exhausted p=1 active=1 tick=1483
[proj] aim scan exhausted p=1 active=1 tick=1484
[proj] aim scan exhausted p=1 active=1 tick=1485
[proj] aim scan exhausted p=1 active=1 tick=1486
[proj] aim scan exhausted p=1 active=1 tick=1487
[proj] aim scan exhausted p=1 active=1 tick=1488
[proj] aim scan exhausted p=1 active=1 tick=1489
[proj] aim scan exhausted p=1 active=1 tick=1490
[proj] aim scan exhausted p=1 active=1 tick=1491
[proj] aim scan exhausted p=1 active=1 tick=1492
[proj] aim scan exhausted p=1 active=1 tick=1493
[proj] aim scan exhausted p=1 active=1 tick=1494
[proj] aim scan exhausted p=1 active=1 tick=1495
[proj] aim scan exhausted p=1 active=1 tick=1496
[proj] aim scan exhausted p=1 active=1 tick=1497
[proj] aim scan exhausted p=1 active=1 tick=1498
[dbg] ar=1498 am=6 aA=6 aH=0 l=false j=false fullRedraw=false
[proj] aim scan exhausted p=1 active=1 tick=1499
[proj] aim scan exhausted p=1 active=1 tick=1500
[fifo] ar=1500 aistate
[devMouse] aistate written, ar=1500
[proj] aim scan exhausted p=1 active=1 tick=1501
[proj] aim scan exhausted p=1 active=1 tick=1502
[proj] aim scan exhausted p=1 active=1 tick=1503
[proj] aim scan exhausted p=1 active=1 tick=1504
[proj] aim scan exhausted p=1 active=1 tick=1505
[proj] aim scan exhausted p=1 active=1 tick=1506
[proj] aim scan exhausted p=1 active=1 tick=1507
[proj] aim scan exhausted p=1 active=1 tick=1508
[proj] aim scan exhausted p=1 active=1 tick=1509
[proj] aim scan exhausted p=1 active=1 tick=1510
[proj] aim scan exhausted p=1 active=1 tick=1511
[proj] aim scan exhausted p=1 active=1 tick=1512
[proj] aim scan exhausted p=1 active=1 tick=1513
[proj] aim scan exhausted p=1 active=1 tick=1514
[proj] aim scan exhausted p=1 active=1 tick=1515
[proj] aim scan exhausted p=1 active=1 tick=1516
[proj] aim scan exhausted p=1 active=1 tick=1517
[proj] aim scan exhausted p=1 active=1 tick=1518
[proj] aim scan exhausted p=1 active=1 tick=1519
[proj] aim scan exhausted p=1 active=1 tick=1520
[proj] aim scan exhausted p=1 active=1 tick=1521
[proj] aim scan exhausted p=1 active=1 tick=1522
[proj] aim scan exhausted p=1 active=1 tick=1523
[dbg] ar=1523 am=6 aA=6 aH=0 l=false j=false fullRedraw=false
[proj] aim scan exhausted p=1 active=1 tick=1524
[proj] aim scan exhausted p=1 active=1 tick=1525
[proj] aim scan exhausted p=1 active=1 tick=1526
[proj] aim scan exhausted p=1 active=1 tick=1527
[proj] aim scan exhausted p=1 active=1 tick=1528
[proj] aim scan exhausted p=1 active=1 tick=1529
[proj] aim scan exhausted p=1 active=1 tick=1530
[proj] aim scan exhausted p=1 active=1 tick=1531
[proj] aim scan exhausted p=1 active=1 tick=1532
[proj] aim scan exhausted p=1 active=1 tick=1533
[proj] aim scan exhausted p=1 active=1 tick=1534
[proj] aim scan exhausted p=1 active=1 tick=1535
[fifo] ar=1535 aistate
[devMouse] aistate written, ar=1535
[proj] aim scan exhausted p=1 active=1 tick=1536
[proj] aim scan exhausted p=1 active=1 tick=1537
[proj] aim scan exhausted p=1 active=1 tick=1538
[proj] aim scan exhausted p=1 active=1 tick=1539
[proj] aim scan exhausted p=1 active=1 tick=1540
[proj] aim scan exhausted p=1 active=1 tick=1541
[proj] aim scan exhausted p=1 active=1 tick=1542
[proj] aim scan exhausted p=1 active=1 tick=1543
[proj] aim scan exhausted p=1 active=1 tick=1544
[proj] aim scan exhausted p=1 active=1 tick=1545
[proj] aim scan exhausted p=1 active=1 tick=1546
[proj] aim scan exhausted p=1 active=1 tick=1547
[proj] aim scan exhausted p=1 active=1 tick=1548
[dbg] ar=1548 am=6 aA=6 aH=0 l=false j=false fullRedraw=false
[proj] aim scan exhausted p=1 active=1 tick=1549
[proj] aim scan exhausted p=1 active=1 tick=1550
[proj] aim scan exhausted p=1 active=1 tick=1551
[proj] aim scan exhausted p=1 active=1 tick=1552
[proj] aim scan exhausted p=1 active=1 tick=1553
[proj] aim scan exhausted p=1 active=1 tick=1554
[proj] aim scan exhausted p=1 active=1 tick=1555
[proj] aim scan exhausted p=1 active=1 tick=1556
[proj] aim scan exhausted p=1 active=1 tick=1557
[proj] aim scan exhausted p=1 active=1 tick=1558
[proj] aim scan exhausted p=1 active=1 tick=1559
[proj] aim scan exhausted p=1 active=1 tick=1560
[proj] aim scan exhausted p=1 active=1 tick=1561
[proj] aim scan exhausted p=1 active=1 tick=1562
[proj] aim scan exhausted p=1 active=1 tick=1563
[proj] aim scan exhausted p=1 active=1 tick=1564
[proj] aim scan exhausted p=1 active=1 tick=1565
[proj] aim scan exhausted p=1 active=1 tick=1566
[proj] aim scan exhausted p=1 active=1 tick=1567
[proj] aim scan exhausted p=1 active=1 tick=1568
[proj] aim scan exhausted p=1 active=1 tick=1569
[fifo] ar=1569 aistate
[devMouse] aistate written, ar=1570
[proj] aim scan exhausted p=1 active=1 tick=1570
[proj] aim scan exhausted p=1 active=1 tick=1571
[proj] aim scan exhausted p=1 active=1 tick=1572
[proj] aim scan exhausted p=1 active=1 tick=1573
[dbg] ar=1573 am=6 aA=6 aH=0 l=false j=false fullRedraw=false
[proj] aim scan exhausted p=1 active=1 tick=1574
[proj] aim scan exhausted p=1 active=1 tick=1575
[proj] aim scan exhausted p=1 active=1 tick=1576
[proj] aim scan exhausted p=1 active=1 tick=1577
[proj] aim scan exhausted p=1 active=1 tick=1578
[proj] aim scan exhausted p=1 active=1 tick=1579
[proj] aim scan exhausted p=1 active=1 tick=1580
[proj] aim scan exhausted p=1 active=1 tick=1581
[proj] aim scan exhausted p=1 active=1 tick=1582
[proj] aim scan exhausted p=1 active=1 tick=1583
[proj] aim scan exhausted p=1 active=1 tick=1584
[proj] aim scan exhausted p=1 active=1 tick=1585
[proj] aim scan exhausted p=1 active=1 tick=1586
[proj] aim scan exhausted p=1 active=1 tick=1587
[proj] aim scan exhausted p=1 active=1 tick=1588
[proj] aim scan exhausted p=1 active=1 tick=1589
[proj] aim scan exhausted p=1 active=1 tick=1590
[proj] aim scan exhausted p=1 active=1 tick=1591
[proj] aim scan exhausted p=1 active=1 tick=1592
[proj] aim scan exhausted p=1 active=1 tick=1593
[proj] aim scan exhausted p=1 active=1 tick=1594
[proj] aim scan exhausted p=1 active=1 tick=1595
[proj] aim scan exhausted p=1 active=1 tick=1596
[proj] aim scan exhausted p=1 active=1 tick=1597
[proj] aim scan exhausted p=1 active=1 tick=1598
[dbg] ar=1598 am=6 aA=6 aH=0 l=false j=false fullRedraw=false
[proj] aim scan exhausted p=1 active=1 tick=1599
[proj] aim scan exhausted p=1 active=1 tick=1600
[proj] aim scan exhausted p=1 active=1 tick=1601
[proj] aim scan exhausted p=1 active=1 tick=1602
[proj] aim scan exhausted p=1 active=1 tick=1603
[fifo] ar=1603 aistate
[devMouse] aistate written, ar=1603
[proj] aim scan exhausted p=1 active=1 tick=1604
[proj] aim scan exhausted p=1 active=1 tick=1605
[proj] aim scan exhausted p=1 active=1 tick=1606
[proj] aim scan exhausted p=1 active=1 tick=1607
[proj] aim scan exhausted p=1 active=1 tick=1608
[proj] aim scan exhausted p=1 active=1 tick=1609
[proj] aim scan exhausted p=1 active=1 tick=1610
[proj] aim scan exhausted p=1 active=1 tick=1611
[proj] aim scan exhausted p=1 active=1 tick=1612
[proj] aim scan exhausted p=1 active=1 tick=1613
[proj] aim scan exhausted p=1 active=1 tick=1614
[proj] aim scan exhausted p=1 active=1 tick=1615
[proj] aim scan exhausted p=1 active=1 tick=1616
[proj] aim scan exhausted p=1 active=1 tick=1617
[proj] aim scan exhausted p=1 active=1 tick=1618
[proj] aim scan exhausted p=1 active=1 tick=1619
[proj] aim scan exhausted p=1 active=1 tick=1620
[proj] aim scan exhausted p=1 active=1 tick=1621
[proj] aim scan exhausted p=1 active=1 tick=1622
[proj] aim scan exhausted p=1 active=1 tick=1623
[dbg] ar=1623 am=6 aA=6 aH=0 l=false j=false fullRedraw=false
[proj] aim scan exhausted p=1 active=1 tick=1624
[proj] aim scan exhausted p=1 active=1 tick=1625
[combat] p0 type3 died at (17,48) ar=1625 remaining=6
[trace] g->8 (aA=6 am=6)
[proj] aim scan exhausted p=1 active=1 tick=1627
[proj] aim scan exhausted p=1 active=1 tick=1628
[proj] aim scan exhausted p=1 active=1 tick=1629
[proj] aim scan exhausted p=1 active=1 tick=1630
[proj] aim scan exhausted p=1 active=1 tick=1631
[proj] aim scan exhausted p=1 active=1 tick=1632
[proj] aim scan exhausted p=1 active=1 tick=1633
[proj] aim scan exhausted p=1 active=1 tick=1634
[proj] aim scan exhausted p=1 active=1 tick=1635
[proj] aim scan exhausted p=1 active=1 tick=1636
[proj] aim scan exhausted p=1 active=1 tick=1637
[fifo] ar=1637 aistate
[devMouse] aistate written, ar=1637
[proj] aim scan exhausted p=1 active=1 tick=1638
[proj] aim scan exhausted p=1 active=1 tick=1639
[proj] aim scan exhausted p=1 active=1 tick=1640
[proj] aim scan exhausted p=1 active=1 tick=1641
[proj] aim scan exhausted p=1 active=1 tick=1642
[proj] aim scan exhausted p=1 active=1 tick=1643
[proj] aim scan exhausted p=1 active=1 tick=1644
[proj] aim scan exhausted p=1 active=1 tick=1645
[proj] aim scan exhausted p=1 active=1 tick=1646
[proj] aim scan exhausted p=1 active=1 tick=1647
[proj] aim scan exhausted p=1 active=1 tick=1648
[dbg] ar=1648 am=6 aA=6 aH=0 l=false j=false fullRedraw=false
[proj] aim scan exhausted p=1 active=1 tick=1649
[proj] aim scan exhausted p=1 active=1 tick=1650
[proj] aim scan exhausted p=1 active=1 tick=1651
[proj] aim scan exhausted p=1 active=1 tick=1652
[proj] aim scan exhausted p=1 active=1 tick=1653
[proj] aim scan exhausted p=1 active=1 tick=1654
[proj] aim scan exhausted p=1 active=1 tick=1655
[proj] aim scan exhausted p=1 active=1 tick=1656
[proj] aim scan exhausted p=1 active=1 tick=1657
[proj] aim scan exhausted p=1 active=1 tick=1658
[proj] aim scan exhausted p=1 active=1 tick=1659
[proj] aim scan exhausted p=1 active=1 tick=1660
[proj] aim scan exhausted p=1 active=1 tick=1661
[proj] aim scan exhausted p=1 active=1 tick=1662
[proj] aim scan exhausted p=1 active=1 tick=1663
[proj] aim scan exhausted p=1 active=1 tick=1664
[proj] aim scan exhausted p=1 active=1 tick=1665
[proj] aim scan exhausted p=1 active=1 tick=1666
[proj] aim scan exhausted p=1 active=1 tick=1667
[proj] aim scan exhausted p=1 active=1 tick=1668
[proj] aim scan exhausted p=1 active=1 tick=1669
[proj] aim scan exhausted p=1 active=1 tick=1670
[proj] aim scan exhausted p=1 active=1 tick=1671
[proj] aim scan exhausted p=1 active=1 tick=1672
[proj] aim scan exhausted p=1 active=1 tick=1673
[fifo] ar=1673 aistate
[devMouse] aistate written, ar=1673
[dbg] ar=1673 am=6 aA=6 aH=0 l=false j=false fullRedraw=false
[proj] aim scan exhausted p=1 active=1 tick=1674
[proj] aim scan exhausted p=1 active=1 tick=1675
[proj] aim scan exhausted p=1 active=1 tick=1676
[proj] aim scan exhausted p=1 active=1 tick=1677
[proj] aim scan exhausted p=1 active=1 tick=1678
[proj] aim scan exhausted p=1 active=1 tick=1679
[proj] aim scan exhausted p=1 active=1 tick=1680
[proj] aim scan exhausted p=1 active=1 tick=1681
[proj] aim scan exhausted p=1 active=1 tick=1682
[proj] aim scan exhausted p=1 active=1 tick=1683
[proj] aim scan exhausted p=1 active=1 tick=1684
[proj] aim scan exhausted p=1 active=1 tick=1685
[proj] aim scan exhausted p=1 active=1 tick=1686
[proj] aim scan exhausted p=1 active=1 tick=1687
[proj] aim scan exhausted p=1 active=1 tick=1688
[proj] aim scan exhausted p=1 active=1 tick=1689
[proj] aim scan exhausted p=1 active=1 tick=1690
[proj] aim scan exhausted p=1 active=1 tick=1691
[proj] aim scan exhausted p=1 active=1 tick=1692
[proj] aim scan exhausted p=1 active=1 tick=1693
[proj] aim scan exhausted p=1 active=1 tick=1694
[proj] aim scan exhausted p=1 active=1 tick=1695
[proj] aim scan exhausted p=1 active=1 tick=1696
[proj] aim scan exhausted p=1 active=1 tick=1697
[proj] aim scan exhausted p=1 active=1 tick=1698
[dbg] ar=1698 am=6 aA=6 aH=0 l=false j=false fullRedraw=false
[proj] aim scan exhausted p=1 active=1 tick=1699
[proj] aim scan exhausted p=1 active=1 tick=1700
[proj] aim scan exhausted p=1 active=1 tick=1701
[proj] aim scan exhausted p=1 active=1 tick=1702
[proj] aim scan exhausted p=1 active=1 tick=1703
[proj] aim scan exhausted p=1 active=1 tick=1704
[proj] aim scan exhausted p=1 active=1 tick=1705
[proj] aim scan exhausted p=1 active=1 tick=1706
[proj] aim scan exhausted p=1 active=1 tick=1707
[proj] aim scan exhausted p=1 active=1 tick=1708
[proj] aim scan exhausted p=1 active=1 tick=1709
[fifo] ar=1709 aistate
[devMouse] aistate written, ar=1709
[proj] aim scan exhausted p=1 active=1 tick=1710
[proj] aim scan exhausted p=1 active=1 tick=1711
[proj] aim scan exhausted p=1 active=1 tick=1712
[proj] aim scan exhausted p=1 active=1 tick=1713
[proj] aim scan exhausted p=1 active=1 tick=1714
[proj] aim scan exhausted p=1 active=1 tick=1715
[proj] aim scan exhausted p=1 active=1 tick=1716
[proj] aim scan exhausted p=1 active=1 tick=1717
[dbg] ar=1723 am=6 aA=6 aH=0 l=false j=false fullRedraw=false
[fifo] ar=1744 aistate
[devMouse] aistate written, ar=1744
[dbg] ar=1748 am=6 aA=6 aH=0 l=false j=false fullRedraw=false
[dbg] ar=1773 am=6 aA=6 aH=0 l=false j=false fullRedraw=false
[fifo] ar=1778 aistate
[devMouse] aistate written, ar=1778
[dbg] ar=1798 am=6 aA=6 aH=0 l=false j=false fullRedraw=false
[fifo] ar=1814 aistate
[devMouse] aistate written, ar=1814
[dbg] ar=1823 am=6 aA=6 aH=0 l=false j=false fullRedraw=false
[dbg] ar=1848 am=6 aA=6 aH=0 l=false j=false fullRedraw=false
[fifo] ar=1849 aistate
[devMouse] aistate written, ar=1849
[dbg] ar=1873 am=6 aA=6 aH=0 l=false j=false fullRedraw=false
[fifo] ar=1883 aistate
[devMouse] aistate written, ar=1883
[dbg] ar=1898 am=6 aA=6 aH=0 l=false j=false fullRedraw=false
[fifo] ar=1918 aistate
[devMouse] aistate written, ar=1918
[dbg] ar=1923 am=6 aA=6 aH=0 l=false j=false fullRedraw=false
[dbg] ar=1948 am=6 aA=6 aH=0 l=false j=false fullRedraw=false
[fifo] ar=1953 aistate
[devMouse] aistate written, ar=1953
[fifoQ] ar=1965 retask 0 40 46
[fifoQ] ar=1965 retask 2 40 46
[fifoQ] ar=1965 retask 4 40 46
[fifoQ] ar=1965 retask 5 40 46
[fifo] ar=1966 retask 0 40 46
[devMouse] retask slot0 (16,43)w0 -> (40,46)
[fifo] ar=1966 retask 2 40 46
[devMouse] retask slot2 (13,48)w0 -> (40,46)
[fifo] ar=1966 retask 4 40 46
[devMouse] retask slot4 (17,49)w0 -> (40,46)
[fifo] ar=1966 retask 5 40 46
[devMouse] retask slot5 (14,48)w0 -> (40,46)
[dbg] ar=1973 am=6 aA=6 aH=0 l=false j=false fullRedraw=false
[fifo] ar=1991 aistate
[devMouse] aistate written, ar=1991
[dbg] ar=1998 am=6 aA=6 aH=0 l=false j=false fullRedraw=false
[dbg] ar=2023 am=6 aA=6 aH=0 l=false j=false fullRedraw=false
[fifo] ar=2026 aistate
[devMouse] aistate written, ar=2026
[dbg] ar=2048 am=6 aA=6 aH=0 l=false j=false fullRedraw=false
[fifo] ar=2059 aistate
[devMouse] aistate written, ar=2059
[fifoQ] ar=2071 retask 0 40 46
[fifoQ] ar=2071 retask 4 40 46
[fifo] ar=2072 retask 0 40 46
[devMouse] retask slot0 (33,52)w201 -> (40,46)
[fifo] ar=2072 retask 4 40 46
[devMouse] retask slot4 (33,54)w701 -> (40,46)
[dbg] ar=2073 am=6 aA=6 aH=0 l=false j=false fullRedraw=false
[fifo] ar=2097 aistate
[devMouse] aistate written, ar=2097
[dbg] ar=2098 am=6 aA=6 aH=0 l=false j=false fullRedraw=false
[fifoQ] ar=2109 retask 0 40 46
[fifoQ] ar=2109 retask 2 40 46
[fifo] ar=2110 retask 0 40 46
[devMouse] retask slot0 (33,51)w1 -> (40,46)
[fifo] ar=2110 retask 2 40 46
[devMouse] retask slot2 (33,54)w701 -> (40,46)
[dbg] ar=2123 am=6 aA=6 aH=0 l=false j=false fullRedraw=false
[fifo] ar=2136 aistate
[devMouse] aistate written, ar=2136
[fifoQ] ar=2147 retask 0 40 46
[fifoQ] ar=2147 retask 2 40 46
[fifo] ar=2148 retask 0 40 46
[devMouse] retask slot0 (33,52)w401 -> (40,46)
[fifo] ar=2148 retask 2 40 46
[devMouse] retask slot2 (33,55)w501 -> (40,46)
[combat] p0 type3 died at (33,52) ar=2148 remaining=5
[dbg] ar=2148 am=6 aA=6 aH=0 l=true j=false fullRedraw=false
[trace] g->8 (aA=6 am=6)
[combat] p0 type3 died at (34,54) ar=2173 remaining=4
[dbg] ar=2173 am=6 aA=6 aH=0 l=true j=false fullRedraw=false
[trace] g->8 (aA=6 am=6)
[fifo] ar=2174 aistate
[devMouse] aistate written, ar=2174
[dbg] ar=2198 am=6 aA=6 aH=0 l=false j=false fullRedraw=false
[fifo] ar=2208 aistate
[devMouse] aistate written, ar=2209
[dbg] ar=2223 am=6 aA=6 aH=0 l=false j=false fullRedraw=false
[fifo] ar=2242 aistate
[devMouse] aistate written, ar=2242
[dbg] ar=2248 am=6 aA=6 aH=0 l=false j=false fullRedraw=false
[dbg] ar=2273 am=6 aA=6 aH=0 l=false j=false fullRedraw=false
[fifo] ar=2277 aistate
[devMouse] aistate written, ar=2277
[dbg] ar=2298 am=6 aA=6 aH=0 l=false j=false fullRedraw=false
[fifo] ar=2311 aistate
[devMouse] aistate written, ar=2311
[dbg] ar=2323 am=6 aA=6 aH=0 l=false j=false fullRedraw=false
[fifo] ar=2345 aistate
[devMouse] aistate written, ar=2345
[dbg] ar=2348 am=6 aA=6 aH=0 l=false j=false fullRedraw=false
[fifoQ] ar=2358 retask 0 33 51
[fifoQ] ar=2358 retask 2 33 51
[fifoQ] ar=2358 retask 1 33 51
[fifoQ] ar=2358 retask 3 33 51
[fifo] ar=2359 retask 0 33 51
[devMouse] retask slot0 (40,46)w0 -> (33,51)
[fifo] ar=2359 retask 2 33 51
[devMouse] retask slot2 (40,47)w0 -> (33,51)
[fifo] ar=2359 retask 1 33 51
[devMouse] retask slot1 (15,42)w0 -> (33,51)
[fifo] ar=2359 retask 3 33 51
[devMouse] retask slot3 (11,50)w0 -> (33,51)
[dbg] ar=2373 am=6 aA=6 aH=0 l=false j=false fullRedraw=false
[fifo] ar=2383 aistate
[devMouse] aistate written, ar=2383
[dbg] ar=2398 am=6 aA=6 aH=0 l=false j=false fullRedraw=false
[fifo] ar=2416 aistate
[devMouse] aistate written, ar=2416
[dbg] ar=2423 am=6 aA=6 aH=0 l=false j=false fullRedraw=false
[fifoQ] ar=2428 retask 0 40 46
[fifoQ] ar=2428 retask 2 40 46
[fifo] ar=2429 retask 0 40 46
[devMouse] retask slot0 (33,50)w501 -> (40,46)
[fifo] ar=2429 retask 2 40 46
[devMouse] retask slot2 (33,54)w101 -> (40,46)
[dbg] ar=2448 am=6 aA=6 aH=0 l=false j=false fullRedraw=false
[fifo] ar=2454 aistate
[devMouse] aistate written, ar=2454
[fifoQ] ar=2466 retask 0 40 46
[fifoQ] ar=2466 retask 2 40 46
[fifo] ar=2467 retask 0 40 46
[devMouse] retask slot0 (33,54)w501 -> (40,46)
[fifo] ar=2467 retask 2 40 46
[devMouse] retask slot2 (36,52)w0 -> (40,46)
[dbg] ar=2473 am=6 aA=6 aH=0 l=false j=false fullRedraw=false
[combat] p1 type4 died at (33,51) ar=2491 remaining=2
[fifo] ar=2492 aistate
[devMouse] aistate written, ar=2492
[dbg] ar=2498 am=6 aA=6 aH=0 l=false j=false fullRedraw=false
[combat] p0 type5 died at (34,53) ar=2502 remaining=3
[trace] g->8 (aA=6 am=6)
[fifoQ] ar=2504 retask 0 40 46
[fifoQ] ar=2504 retask 2 33 55
[fifoQ] ar=2504 retask 1 33 55
[fifoQ] ar=2504 retask 3 33 55
[fifo] ar=2505 retask 0 40 46
[devMouse] retask slot0 (32,52)wc01 -> (40,46)
[fifo] ar=2505 retask 2 33 55
[devMouse] retask slot2 (40,46)w0 -> (33,55)
[fifo] ar=2505 retask 1 33 55
[devMouse] retask slot1 (33,51)w701 -> (33,55)
[fifo] ar=2505 retask 3 33 55
[devMouse] retask FAIL slot3 越界(n=3)
[dbg] ar=2523 am=6 aA=6 aH=0 l=false j=false fullRedraw=false
[fifo] ar=2529 aistate
[devMouse] aistate written, ar=2529
[fifoQ] ar=2542 retask 0 33 55
[fifo] ar=2543 retask 0 33 55
[devMouse] retask slot0 (33,53)w0 -> (33,55)
[dbg] ar=2548 am=6 aA=6 aH=0 l=false j=false fullRedraw=false
[fifo] ar=2568 aistate
[devMouse] aistate written, ar=2568
[dbg] ar=2573 am=6 aA=6 aH=0 l=false j=false fullRedraw=false
[combat] p1 type4 died at (33,55) ar=2578 remaining=1
[fifoQ] ar=2579 retask 2 40 46
[fifo] ar=2580 retask 2 40 46
[devMouse] retask slot2 (33,55)w0 -> (40,46)
[combat] p1 type4 died at (34,54) ar=2595 remaining=0
[dbg] ar=2598 am=6 aA=6 aH=0 l=false j=false fullRedraw=false
[fifo] ar=2605 aistate
[devMouse] aistate written, ar=2605
[fifo] ar=2617 aistate
[devMouse] aistate written, ar=2617
[dbg] ar=2623 am=6 aA=6 aH=0 l=false j=false fullRedraw=false
[fifoQ] ar=2628 retask 2 35 52
[fifoQ] ar=2628 retask 0 38 51
[fifoQ] ar=2628 retask 1 38 53
[fifo] ar=2629 retask 2 35 52
[devMouse] retask slot2 (39,48)w0 -> (35,52)
[fifo] ar=2629 retask 0 38 51
[devMouse] retask slot0 (34,54)w601 -> (38,51)
[fifo] ar=2629 retask 1 38 53
[devMouse] retask slot1 (32,54)w0 -> (38,53)
[dbg] ar=2648 am=6 aA=6 aH=0 l=false j=false fullRedraw=false
[fifo] ar=2655 aistate
[devMouse] aistate written, ar=2655
[dbg] ar=2673 am=6 aA=6 aH=0 l=false j=false fullRedraw=false
[fifo] ar=2689 aistate
[devMouse] aistate written, ar=2689
[dbg] ar=2698 am=6 aA=6 aH=0 l=false j=false fullRedraw=false
[fifo] ar=2723 aistate
[devMouse] aistate written, ar=2723
[dbg] ar=2723 am=6 aA=6 aH=0 l=false j=false fullRedraw=false
[dbg] ar=2748 am=6 aA=6 aH=0 l=false j=false fullRedraw=false
[fifo] ar=2757 aistate
[devMouse] aistate written, ar=2757
[dbg] ar=2773 am=6 aA=6 aH=0 l=false j=false fullRedraw=false
[fifo] ar=2793 aistate
[devMouse] aistate written, ar=2793
[dbg] ar=2798 am=6 aA=6 aH=0 l=false j=false fullRedraw=false
[dbg] ar=2823 am=6 aA=6 aH=0 l=false j=false fullRedraw=false
[fifo] ar=2828 aistate
[devMouse] aistate written, ar=2828
[dbg] ar=2848 am=6 aA=6 aH=0 l=false j=false fullRedraw=false
[fifo] ar=2861 aistate
[devMouse] aistate written, ar=2861
[dbg] ar=2873 am=6 aA=6 aH=0 l=false j=false fullRedraw=false
[trace] g(0,98,0) ac=32
[trace] g->2 (aA=6 am=6)
[result] WIN ticks=2874
